components/SpendInputForm.tsx(54,5): error TS2322: Type 'Resolver<{ tools: { name: string; cost: unknown; billingCycle?: "monthly" | "annually" | undefined; }[]; }, any, { tools: { name: string; cost: number; billingCycle: "monthly" | "annually"; }[]; }>' is not assignable to type 'Resolver<{ tools: { name: string; cost: number; billingCycle: "monthly" | "annually"; }[]; }, any, { tools: { name: string; cost: number; billingCycle: "monthly" | "annually"; }[]; }>'.
  Types of parameters 'options' and 'options' are incompatible.
    Type 'ResolverOptions<{ tools: { name: string; cost: number; billingCycle: "monthly" | "annually"; }[]; }>' is not assignable to type 'ResolverOptions<{ tools: { name: string; cost: unknown; billingCycle?: "monthly" | "annually" | undefined; }[]; }>'.
      Type '{ name: string; cost: unknown; billingCycle?: "monthly" | "annually" | undefined; }[]' is not assignable to type '{ name: string; cost: number; billingCycle: "monthly" | "annually"; }[]'.
        Type '{ name: string; cost: unknown; billingCycle?: "monthly" | "annually" | undefined; }' is not assignable to type '{ name: string; cost: number; billingCycle: "monthly" | "annually"; }'.
          Types of property 'cost' are incompatible.
            Type 'unknown' is not assignable to type 'number'.
components/SpendInputForm.tsx(79,45): error TS2345: Argument of type '(values: SpendData) => void' is not assignable to parameter of type 'SubmitHandler<TFieldValues>'.
  Types of parameters 'values' and 'data' are incompatible.
    Type 'TFieldValues' is not assignable to type '{ tools: { name: string; cost: number; billingCycle: "monthly" | "annually"; }[]; }'.
      Property 'tools' is missing in type 'FieldValues' but required in type '{ tools: { name: string; cost: number; billingCycle: "monthly" | "annually"; }[]; }'.
components/SpendInputForm.tsx(83,19): error TS2322: Type 'Control<{ tools: { name: string; cost: number; billingCycle: "monthly" | "annually"; }[]; }, any, TFieldValues>' is not assignable to type 'Control<{ tools: { name: string; cost: number; billingCycle: "monthly" | "annually"; }[]; }, any, { tools: { name: string; cost: number; billingCycle: "monthly" | "annually"; }[]; }>'.
  The types of '_options.resolver' are incompatible between these types.
    Type 'Resolver<{ tools: { name: string; cost: number; billingCycle: "monthly" | "annually"; }[]; }, any, TFieldValues> | undefined' is not assignable to type 'Resolver<{ tools: { name: string; cost: number; billingCycle: "monthly" | "annually"; }[]; }, any, { tools: { name: string; cost: number; billingCycle: "monthly" | "annually"; }[]; }> | undefined'.
      Type 'Resolver<{ tools: { name: string; cost: number; billingCycle: "monthly" | "annually"; }[]; }, any, TFieldValues>' is not assignable to type 'Resolver<{ tools: { name: string; cost: number; billingCycle: "monthly" | "annually"; }[]; }, any, { tools: { name: string; cost: number; billingCycle: "monthly" | "annually"; }[]; }>'.
        Type 'ResolverResult<{ tools: { name: string; cost: number; billingCycle: "monthly" | "annually"; }[]; }, TFieldValues> | Promise<ResolverResult<{ tools: { name: string; cost: number; billingCycle: "monthly" | "annually"; }[]; }, TFieldValues>>' is not assignable to type 'ResolverResult<{ tools: { name: string; cost: number; billingCycle: "monthly" | "annually"; }[]; }, { tools: { name: string; cost: number; billingCycle: "monthly" | "annually"; }[]; }> | Promise<...>'.
          Type 'ResolverSuccess<TFieldValues>' is not assignable to type 'ResolverResult<{ tools: { name: string; cost: number; billingCycle: "monthly" | "annually"; }[]; }, { tools: { name: string; cost: number; billingCycle: "monthly" | "annually"; }[]; }> | Promise<...>'.
            Type 'ResolverSuccess<TFieldValues>' is not assignable to type 'ResolverSuccess<{ tools: { name: string; cost: number; billingCycle: "monthly" | "annually"; }[]; }>'.
              Type 'TFieldValues' is not assignable to type '{ tools: { name: string; cost: number; billingCycle: "monthly" | "annually"; }[]; }'.
                Property 'tools' is missing in type 'FieldValues' but required in type '{ tools: { name: string; cost: number; billingCycle: "monthly" | "annually"; }[]; }'.
components/SpendInputForm.tsx(96,19): error TS2322: Type 'Control<{ tools: { name: string; cost: number; billingCycle: "monthly" | "annually"; }[]; }, any, TFieldValues>' is not assignable to type 'Control<{ tools: { name: string; cost: number; billingCycle: "monthly" | "annually"; }[]; }, any, { tools: { name: string; cost: number; billingCycle: "monthly" | "annually"; }[]; }>'.
  The types of '_options.resolver' are incompatible between these types.
    Type 'Resolver<{ tools: { name: string; cost: number; billingCycle: "monthly" | "annually"; }[]; }, any, TFieldValues> | undefined' is not assignable to type 'Resolver<{ tools: { name: string; cost: number; billingCycle: "monthly" | "annually"; }[]; }, any, { tools: { name: string; cost: number; billingCycle: "monthly" | "annually"; }[]; }> | undefined'.
      Type 'Resolver<{ tools: { name: string; cost: number; billingCycle: "monthly" | "annually"; }[]; }, any, TFieldValues>' is not assignable to type 'Resolver<{ tools: { name: string; cost: number; billingCycle: "monthly" | "annually"; }[]; }, any, { tools: { name: string; cost: number; billingCycle: "monthly" | "annually"; }[]; }>'.
        Type 'ResolverResult<{ tools: { name: string; cost: number; billingCycle: "monthly" | "annually"; }[]; }, TFieldValues> | Promise<ResolverResult<{ tools: { name: string; cost: number; billingCycle: "monthly" | "annually"; }[]; }, TFieldValues>>' is not assignable to type 'ResolverResult<{ tools: { name: string; cost: number; billingCycle: "monthly" | "annually"; }[]; }, { tools: { name: string; cost: number; billingCycle: "monthly" | "annually"; }[]; }> | Promise<...>'.
          Type 'ResolverSuccess<TFieldValues>' is not assignable to type 'ResolverResult<{ tools: { name: string; cost: number; billingCycle: "monthly" | "annually"; }[]; }, { tools: { name: string; cost: number; billingCycle: "monthly" | "annually"; }[]; }> | Promise<...>'.
            Type 'ResolverSuccess<TFieldValues>' is not assignable to type 'ResolverSuccess<{ tools: { name: string; cost: number; billingCycle: "monthly" | "annually"; }[]; }>'.
              Type 'TFieldValues' is not assignable to type '{ tools: { name: string; cost: number; billingCycle: "monthly" | "annually"; }[]; }'.
                Property 'tools' is missing in type 'FieldValues' but required in type '{ tools: { name: string; cost: number; billingCycle: "monthly" | "annually"; }[]; }'.
components/SpendInputForm.tsx(109,19): error TS2322: Type 'Control<{ tools: { name: string; cost: number; billingCycle: "monthly" | "annually"; }[]; }, any, TFieldValues>' is not assignable to type 'Control<{ tools: { name: string; cost: number; billingCycle: "monthly" | "annually"; }[]; }, any, { tools: { name: string; cost: number; billingCycle: "monthly" | "annually"; }[]; }>'.
  The types of '_options.resolver' are incompatible between these types.
    Type 'Resolver<{ tools: { name: string; cost: number; billingCycle: "monthly" | "annually"; }[]; }, any, TFieldValues> | undefined' is not assignable to type 'Resolver<{ tools: { name: string; cost: number; billingCycle: "monthly" | "annually"; }[]; }, any, { tools: { name: string; cost: number; billingCycle: "monthly" | "annually"; }[]; }> | undefined'.
      Type 'Resolver<{ tools: { name: string; cost: number; billingCycle: "monthly" | "annually"; }[]; }, any, TFieldValues>' is not assignable to type 'Resolver<{ tools: { name: string; cost: number; billingCycle: "monthly" | "annually"; }[]; }, any, { tools: { name: string; cost: number; billingCycle: "monthly" | "annually"; }[]; }>'.
        Type 'ResolverResult<{ tools: { name: string; cost: number; billingCycle: "monthly" | "annually"; }[]; }, TFieldValues> | Promise<ResolverResult<{ tools: { name: string; cost: number; billingCycle: "monthly" | "annually"; }[]; }, TFieldValues>>' is not assignable to type 'ResolverResult<{ tools: { name: string; cost: number; billingCycle: "monthly" | "annually"; }[]; }, { tools: { name: string; cost: number; billingCycle: "monthly" | "annually"; }[]; }> | Promise<...>'.
          Type 'ResolverSuccess<TFieldValues>' is not assignable to type 'ResolverResult<{ tools: { name: string; cost: number; billingCycle: "monthly" | "annually"; }[]; }, { tools: { name: string; cost: number; billingCycle: "monthly" | "annually"; }[]; }> | Promise<...>'.
            Type 'ResolverSuccess<TFieldValues>' is not assignable to type 'ResolverSuccess<{ tools: { name: string; cost: number; billingCycle: "monthly" | "annually"; }[]; }>'.
              Type 'TFieldValues' is not assignable to type '{ tools: { name: string; cost: number; billingCycle: "monthly" | "annually"; }[]; }'.
                Property 'tools' is missing in type 'FieldValues' but required in type '{ tools: { name: string; cost: number; billingCycle: "monthly" | "annually"; }[]; }'.
